
> replay-viewer-v2@0.1.0 dev
> vite --host 127.0.0.1 --port 5175


  [32m[1mVITE[22m v7.3.6[39m  [2mready in [0m[1m652[22m[2m[0m ms[22m

  [32m➜[39m  [1mLocal[22m:   [36mhttp://127.0.0.1:[1m5175[22m/[39m
[2m15:17:23[22m [36m[1m[vite][22m[39m [90m[2m(client)[22m[39m [32mpage reload [39m[2mpublic/data/tracks/fuji/imagegen_trials/compare.html[22m
[2m15:26:55[22m [36m[1m[vite][22m[39m [90m[2m(client)[22m[39m [32mpage reload [39m[2mpipeline/.venv-sr/Lib/site-packages/torch/utils/model_dump/skeleton.html[22m
[2m15:29:34[22m [36m[1m[vite][22m[39m [90m[2m(client)[22m[39m [32mpage reload [39m[2mpipeline/.venv-sr/Lib/site-packages/tensorboard/plugins/projector/tf_projector_plugin/projector_binary.html[22m
[2m15:29:40[22m [36m[1m[vite][22m[39m [90m[2m(client)[22m[39m [32mpage reload [39m[2mpipeline/.venv-sr/Lib/site-packages/numba/core/annotations/template.html[22m
[2m15:30:25[22m [36m[1m[vite][22m[39m [90m[2m(client)[22m[39m [32mpage reload [39m[2mpipeline/.venv-sr/Lib/site-packages/matplotlib/backends/web_backend/all_figures.html[22m
[2m15:30:25[22m [36m[1m[vite][22m[39m [90m[2m(client)[22m[39m [32mpage reload [39m[2mpipeline/.venv-sr/Lib/site-packages/matplotlib/backends/web_backend/ipython_inline_figure.html[22m
[2m15:30:25[22m [36m[1m[vite][22m[39m [90m[2m(client)[22m[39m [32mpage reload [39m[2mpipeline/.venv-sr/Lib/site-packages/matplotlib/backends/web_backend/single_figure.html[22m
[2m15:36:24[22m [36m[1m[vite][22m[39m [90m[2m(client)[22m[39m [32mhmr update [39m[2m/src/engine/ViewerCanvas.tsx[22m
[2m15:36:34[22m [36m[1m[vite][22m[39m [90m[2m(client)[22m[39m [32mhmr update [39m[2m/src/engine/ViewerCanvas.tsx[22m
[2m15:37:15[22m [36m[1m[vite][22m[39m [90m[2m(client)[22m[39m [32mhmr update [39m[2m/src/engine/ViewerCanvas.tsx[22m
[2m15:37:18[22m [36m[1m[vite][22m[39m [90m[2m(client)[22m[39m [32mhmr update [39m[2m/src/engine/ViewerCanvas.tsx[22m
[2m15:37:22[22m [36m[1m[vite][22m[39m [90m[2m(client)[22m[39m [32mhmr update [39m[2m/src/engine/ViewerCanvas.tsx[22m
[2m15:37:35[22m [36m[1m[vite][22m[39m [90m[2m(client)[22m[39m [32mhmr update [39m[2m/src/engine/ViewerCanvas.tsx[22m
[2m15:37:40[22m [36m[1m[vite][22m[39m [90m[2m(client)[22m[39m [32mhmr update [39m[2m/src/engine/ViewerCanvas.tsx[22m
[2m15:37:44[22m [36m[1m[vite][22m[39m [90m[2m(client)[22m[39m [32mhmr update [39m[2m/src/engine/ViewerCanvas.tsx[22m
[2m15:38:01[22m [36m[1m[vite][22m[39m [90m[2m(client)[22m[39m [32mhmr update [39m[2m/src/engine/ViewerCanvas.tsx[22m
[2m15:51:13[22m [36m[1m[vite][22m[39m [90m[2m(client)[22m[39m [32mhmr update [39m[2m/src/engine/ViewerCanvas.tsx[22m
[2m15:51:13[22m [36m[1m[vite][22m[39m [90m[2m(client)[22m[39m [32mhmr update [39m[2m/src/engine/ViewerCanvas.tsx[22m
[2m15:52:45[22m [36m[1m[vite][22m[39m [90m[2m(client)[22m[39m [32mhmr update [39m[2m/src/engine/ViewerCanvas.tsx[22m
[2m15:55:17[22m [36m[1m[vite][22m[39m [90m[2m(client)[22m[39m [32mhmr update [39m[2m/src/engine/ViewerCanvas.tsx[22m
[2m15:59:44[22m [36m[1m[vite][22m[39m [90m[2m(client)[22m[39m [32mhmr update [39m[2m/src/engine/ViewerCanvas.tsx[22m
[2m15:59:55[22m [36m[1m[vite][22m[39m [90m[2m(client)[22m[39m [32mhmr update [39m[2m/src/engine/ViewerCanvas.tsx[22m
[2m16:00:06[22m [36m[1m[vite][22m[39m [90m[2m(client)[22m[39m [32mhmr update [39m[2m/src/engine/ViewerCanvas.tsx[22m
[2m16:00:10[22m [36m[1m[vite][22m[39m [90m[2m(client)[22m[39m [32mhmr update [39m[2m/src/engine/ViewerCanvas.tsx[22m
[2m16:12:38[22m [36m[1m[vite][22m[39m [90m[2m(client)[22m[39m [32mhmr update [39m[2m/src/engine/ViewerCanvas.tsx[22m
[2m16:14:49[22m [36m[1m[vite][22m[39m [90m[2m(client)[22m[39m [32mhmr update [39m[2m/src/engine/ViewerCanvas.tsx[22m
[2m16:17:00[22m [36m[1m[vite][22m[39m [90m[2m(client)[22m[39m [32mhmr update [39m[2m/src/engine/ViewerCanvas.tsx[22m
[2m16:17:06[22m [36m[1m[vite][22m[39m [90m[2m(client)[22m[39m [32mhmr update [39m[2m/src/engine/ViewerCanvas.tsx[22m
[2m16:17:24[22m [36m[1m[vite][22m[39m [90m[2m(client)[22m[39m [32mhmr update [39m[2m/src/engine/ViewerCanvas.tsx[22m
[2m16:17:42[22m [36m[1m[vite][22m[39m [90m[2m(client)[22m[39m [32mhmr update [39m[2m/src/engine/ViewerCanvas.tsx[22m
[2m16:17:54[22m [36m[1m[vite][22m[39m [90m[2m(client)[22m[39m [32mhmr update [39m[2m/src/engine/ViewerCanvas.tsx[22m
[2m16:17:58[22m [36m[1m[vite][22m[39m [90m[2m(client)[22m[39m [32mhmr update [39m[2m/src/engine/ViewerCanvas.tsx[22m
[2m16:18:11[22m [36m[1m[vite][22m[39m [90m[2m(client)[22m[39m [32mhmr update [39m[2m/src/engine/ViewerCanvas.tsx[22m
[2m16:18:13[22m [36m[1m[vite][22m[39m [90m[2m(client)[22m[39m [32mhmr update [39m[2m/src/engine/ViewerCanvas.tsx[22m
[2m16:18:15[22m [36m[1m[vite][22m[39m [90m[2m(client)[22m[39m [32mhmr update [39m[2m/src/engine/ViewerCanvas.tsx[22m
[2m16:18:23[22m [36m[1m[vite][22m[39m [90m[2m(client)[22m[39m [32mhmr update [39m[2m/src/engine/ViewerCanvas.tsx[22m
[2m16:21:13[22m [36m[1m[vite][22m[39m [90m[2m(client)[22m[39m [32mhmr update [39m[2m/src/engine/ViewerCanvas.tsx[22m
[2m16:21:23[22m [36m[1m[vite][22m[39m [90m[2m(client)[22m[39m [32mhmr update [39m[2m/src/engine/ViewerCanvas.tsx[22m
[2m16:21:34[22m [36m[1m[vite][22m[39m [90m[2m(client)[22m[39m [32mhmr update [39m[2m/src/engine/ViewerCanvas.tsx[22m
[2m18:09:06[22m [36m[1m[vite][22m[39m [90m[2m(client)[22m[39m [32mpage reload [39m[2mTemp/compare-correct.html[22m
[2m18:09:27[22m [36m[1m[vite][22m[39m [90m[2m(client)[22m[39m [32mpage reload [39m[2mpublic/data/tracks/fuji/imagegen_trials/compare.html[22m
[2m18:09:27[22m [36m[1m[vite][22m[39m [90m[2m(client)[22m[39m [32mpage reload [39m[2mTemp/compare-correct.html[22m
[2m18:14:11[22m [36m[1m[vite][22m[39m [90m[2m(client)[22m[39m [32mhmr update [39m[2m/src/App.tsx, /src/engine/ViewerCanvas.tsx, /src/ui/LapSelector.tsx, /src/ui/TelemetryPanel.tsx[22m
[2m18:14:15[22m [36m[1m[vite][22m[39m [90m[2m(client)[22m[39m [32mhmr update [39m[2m/src/engine/ViewerCanvas.tsx[22m
[2m18:22:14[22m [36m[1m[vite][22m[39m [90m[2m(client)[22m[39m [32mpage reload [39m[2mpublic/data/tracks/fuji/imagegen_trials/compare.html[22m
[2m21:46:35[22m [36m[1m[vite][22m[39m [90m[2m(client)[22m[39m [32mpage reload [39m[2mpublic/data/tracks/fuji/imagegen_trials/pilot/index.html[22m
[2m22:25:44[22m [36m[1m[vite][22m[39m [90m[2m(client)[22m[39m [32mpage reload [39m[2mdocs/viewer.html[22m
[2m23:06:45[22m [36m[1m[vite][22m[39m [90m[2m(client)[22m[39m [32mpage reload [39m[2mpublic/data/tracks/fuji/imagegen_trials/pilot/compare.html[22m
[2m23:18:01[22m [36m[1m[vite][22m[39m [90m[2m(client)[22m[39m [32mhmr update [39m[2m/src/engine/ViewerCanvas.tsx[22m
[2m23:18:12[22m [36m[1m[vite][22m[39m [90m[2m(client)[22m[39m [32mhmr update [39m[2m/src/engine/ViewerCanvas.tsx[22m
[2m23:18:12[22m [36m[1m[vite][22m[39m [90m[2m(client)[22m[39m [32mhmr update [39m[2m/src/engine/ViewerCanvas.tsx[22m
[2m23:18:29[22m [36m[1m[vite][22m[39m [90m[2m(client)[22m[39m [32mhmr update [39m[2m/src/engine/ViewerCanvas.tsx[22m
[2m23:18:30[22m [36m[1m[vite][22m[39m [90m[2m(client)[22m[39m [32mhmr update [39m[2m/src/engine/ViewerCanvas.tsx[22m
[2m23:18:32[22m [36m[1m[vite][22m[39m [90m[2m(client)[22m[39m [32mhmr update [39m[2m/src/engine/ViewerCanvas.tsx[22m
[2m23:18:49[22m [36m[1m[vite][22m[39m [90m[2m(client)[22m[39m [32mhmr update [39m[2m/src/engine/ViewerCanvas.tsx[22m
[2m23:18:51[22m [36m[1m[vite][22m[39m [90m[2m(client)[22m[39m [32mhmr update [39m[2m/src/engine/ViewerCanvas.tsx[22m
[2m23:18:53[22m [36m[1m[vite][22m[39m [90m[2m(client)[22m[39m [32mhmr update [39m[2m/src/engine/ViewerCanvas.tsx[22m
[2m23:19:34[22m [36m[1m[vite][22m[39m [90m[2m(client)[22m[39m [32mhmr update [39m[2m/src/engine/ViewerCanvas.tsx[22m
[2m23:19:38[22m [36m[1m[vite][22m[39m [90m[2m(client)[22m[39m [32mhmr update [39m[2m/src/engine/ViewerCanvas.tsx[22m
[2m23:20:14[22m [36m[1m[vite][22m[39m [90m[2m(client)[22m[39m [32mhmr update [39m[2m/src/App.tsx, /src/engine/ViewerCanvas.tsx, /src/ui/GoogleTileCredit.tsx, /src/ui/CreditOverlay.tsx, /src/ui/ReplayControls.tsx, /src/ui/Minimap.tsx, /src/ui/LapSelector.tsx, /src/ui/Hud.tsx, /src/ui/TelemetryPanel.tsx, /src/ui/LayersPanel.tsx[22m
[2m23:20:16[22m [36m[1m[vite][22m[39m [90m[2m(client)[22m[39m [32mhmr update [39m[2m/src/App.tsx, /src/engine/ViewerCanvas.tsx, /src/ui/GoogleTileCredit.tsx, /src/ui/CreditOverlay.tsx, /src/ui/ReplayControls.tsx, /src/ui/Minimap.tsx, /src/ui/LapSelector.tsx, /src/ui/Hud.tsx, /src/ui/TelemetryPanel.tsx, /src/ui/LayersPanel.tsx[22m
[2m23:20:30[22m [36m[1m[vite][22m[39m [90m[2m(client)[22m[39m [32mhmr update [39m[2m/src/App.tsx, /src/engine/ViewerCanvas.tsx, /src/ui/GoogleTileCredit.tsx, /src/ui/CreditOverlay.tsx, /src/ui/ReplayControls.tsx, /src/ui/Minimap.tsx, /src/ui/LapSelector.tsx, /src/ui/Hud.tsx, /src/ui/TelemetryPanel.tsx, /src/ui/LayersPanel.tsx[22m
[2m23:20:32[22m [36m[1m[vite][22m[39m [90m[2m(client)[22m[39m [32mhmr update [39m[2m/src/App.tsx, /src/engine/ViewerCanvas.tsx, /src/ui/GoogleTileCredit.tsx, /src/ui/CreditOverlay.tsx, /src/ui/ReplayControls.tsx, /src/ui/Minimap.tsx, /src/ui/LapSelector.tsx, /src/ui/Hud.tsx, /src/ui/TelemetryPanel.tsx, /src/ui/LayersPanel.tsx[22m
[2m23:20:45[22m [36m[1m[vite][22m[39m [90m[2m(client)[22m[39m [32mhmr update [39m[2m/src/engine/ViewerCanvas.tsx[22m
[2m23:20:49[22m [36m[1m[vite][22m[39m [90m[2m(client)[22m[39m [32mhmr update [39m[2m/src/engine/ViewerCanvas.tsx[22m
[2m23:21:05[22m [36m[1m[vite][22m[39m [90m[2m(client)[22m[39m [32mhmr update [39m[2m/src/engine/ViewerCanvas.tsx[22m
[2m23:21:06[22m [36m[1m[vite][22m[39m [90m[2m(client)[22m[39m [32mhmr update [39m[2m/src/ui/LayersPanel.tsx[22m
[2m23:21:10[22m [36m[1m[vite][22m[39m [90m[2m(client)[22m[39m [32mhmr update [39m[2m/src/ui/LayersPanel.tsx[22m
[2m23:21:11[22m [36m[1m[vite][22m[39m [90m[2m(client)[22m[39m [32mhmr update [39m[2m/src/ui/LayersPanel.tsx[22m
[2m6:07:59[22m [36m[1m[vite][22m[39m [90m[2m(client)[22m[39m [32mhmr update [39m[2m/src/engine/ViewerCanvas.tsx[22m
